123
\r\n456
